---
source: tests/interpreter_tests/graphics.rs
expression: "export_svg(\"BarChart[{1, 2, 3}, ImageSize -> 400]\")"
---
<svg width="400" height="250" viewBox="0 0 4000 2500" preserveAspectRatio="xMidYMid meet" xmlns="http://www.w3.org/2000/svg">
<rect x="0" y="0" width="4000" height="2500" opacity="1" fill="#FFFFFF" stroke="none"/>
<polyline fill="none" opacity="1" stroke="#666666" stroke-width="10" points="749,100 749,1999 "/>
<text x="670" y="1999" dy="0.5ex" text-anchor="end" font-family="sans-serif" font-size="145.16129032258064" opacity="1" fill="#666666">
0
</text>
<polyline fill="none" opacity="1" stroke="#666666" stroke-width="10" points="709,1999 749,1999 "/>
<text x="670" y="1884" dy="0.5ex" text-anchor="end" font-family="sans-serif" font-size="145.16129032258064" opacity="1" fill="#666666">

</text>
<polyline fill="none" opacity="1" stroke="#666666" stroke-width="10" points="709,1884 749,1884 "/>
<text x="670" y="1769" dy="0.5ex" text-anchor="end" font-family="sans-serif" font-size="145.16129032258064" opacity="1" fill="#666666">

</text>
<polyline fill="none" opacity="1" stroke="#666666" stroke-width="10" points="709,1769 749,1769 "/>
<text x="670" y="1654" dy="0.5ex" text-anchor="end" font-family="sans-serif" font-size="145.16129032258064" opacity="1" fill="#666666">

</text>
<polyline fill="none" opacity="1" stroke="#666666" stroke-width="10" points="709,1654 749,1654 "/>
<text x="670" y="1539" dy="0.5ex" text-anchor="end" font-family="sans-serif" font-size="145.16129032258064" opacity="1" fill="#666666">

</text>
<polyline fill="none" opacity="1" stroke="#666666" stroke-width="10" points="709,1539 749,1539 "/>
<text x="670" y="1424" dy="0.5ex" text-anchor="end" font-family="sans-serif" font-size="145.16129032258064" opacity="1" fill="#666666">
1
</text>
<polyline fill="none" opacity="1" stroke="#666666" stroke-width="10" points="709,1424 749,1424 "/>
<text x="670" y="1309" dy="0.5ex" text-anchor="end" font-family="sans-serif" font-size="145.16129032258064" opacity="1" fill="#666666">

</text>
<polyline fill="none" opacity="1" stroke="#666666" stroke-width="10" points="709,1309 749,1309 "/>
<text x="670" y="1194" dy="0.5ex" text-anchor="end" font-family="sans-serif" font-size="145.16129032258064" opacity="1" fill="#666666">

</text>
<polyline fill="none" opacity="1" stroke="#666666" stroke-width="10" points="709,1194 749,1194 "/>
<text x="670" y="1079" dy="0.5ex" text-anchor="end" font-family="sans-serif" font-size="145.16129032258064" opacity="1" fill="#666666">

</text>
<polyline fill="none" opacity="1" stroke="#666666" stroke-width="10" points="709,1079 749,1079 "/>
<text x="670" y="964" dy="0.5ex" text-anchor="end" font-family="sans-serif" font-size="145.16129032258064" opacity="1" fill="#666666">

</text>
<polyline fill="none" opacity="1" stroke="#666666" stroke-width="10" points="709,964 749,964 "/>
<text x="670" y="849" dy="0.5ex" text-anchor="end" font-family="sans-serif" font-size="145.16129032258064" opacity="1" fill="#666666">
2
</text>
<polyline fill="none" opacity="1" stroke="#666666" stroke-width="10" points="709,849 749,849 "/>
<text x="670" y="733" dy="0.5ex" text-anchor="end" font-family="sans-serif" font-size="145.16129032258064" opacity="1" fill="#666666">

</text>
<polyline fill="none" opacity="1" stroke="#666666" stroke-width="10" points="709,733 749,733 "/>
<text x="670" y="618" dy="0.5ex" text-anchor="end" font-family="sans-serif" font-size="145.16129032258064" opacity="1" fill="#666666">

</text>
<polyline fill="none" opacity="1" stroke="#666666" stroke-width="10" points="709,618 749,618 "/>
<text x="670" y="503" dy="0.5ex" text-anchor="end" font-family="sans-serif" font-size="145.16129032258064" opacity="1" fill="#666666">

</text>
<polyline fill="none" opacity="1" stroke="#666666" stroke-width="10" points="709,503 749,503 "/>
<text x="670" y="388" dy="0.5ex" text-anchor="end" font-family="sans-serif" font-size="145.16129032258064" opacity="1" fill="#666666">

</text>
<polyline fill="none" opacity="1" stroke="#666666" stroke-width="10" points="709,388 749,388 "/>
<text x="670" y="273" dy="0.5ex" text-anchor="end" font-family="sans-serif" font-size="145.16129032258064" opacity="1" fill="#666666">
3
</text>
<polyline fill="none" opacity="1" stroke="#666666" stroke-width="10" points="709,273 749,273 "/>
<polyline fill="none" opacity="1" stroke="#666666" stroke-width="10" points="750,2000 3899,2000 "/>
<rect x="854" y="1424" width="840" height="575" opacity="1" fill="#5E81B5" stroke="#000000" stroke-width="10"><title>1</title></rect>
<rect x="1904" y="849" width="840" height="1150" opacity="1" fill="#5E81B5" stroke="#000000" stroke-width="10"><title>2</title></rect>
<rect x="2954" y="273" width="840" height="1726" opacity="1" fill="#5E81B5" stroke="#000000" stroke-width="10"><title>3</title></rect>
<line x1="710.0" y1="2000.0" x2="680.0" y2="2000.0" stroke="#666" stroke-width="10"/>
<line x1="710.0" y1="1424.2" x2="680.0" y2="1424.2" stroke="#666" stroke-width="10"/>
<line x1="710.0" y1="848.5" x2="680.0" y2="848.5" stroke="#666" stroke-width="10"/>
<line x1="710.0" y1="272.7" x2="680.0" y2="272.7" stroke="#666" stroke-width="10"/>
</svg>
