---
source: tests/interpreter_tests/graphics.rs
expression: "export_svg(\"ListPlot[{1, 4, 9}]\")"
---
<svg width="360" height="225" viewBox="0 0 3600 2250" preserveAspectRatio="xMidYMid meet" xmlns="http://www.w3.org/2000/svg">
<rect x="0" y="0" width="3600" height="2250" opacity="1" fill="#FFFFFF" stroke="none"/>
<polyline fill="none" opacity="1" stroke="#666666" stroke-width="10" points="499,100 499,1899 "/>
<text x="420" y="1833" dy="0.5ex" text-anchor="end" font-family="sans-serif" font-size="88.70967741935483" opacity="1" fill="#666666">

</text>
<polyline fill="none" opacity="1" stroke="#666666" stroke-width="10" points="459,1833 499,1833 "/>
<text x="420" y="1729" dy="0.5ex" text-anchor="end" font-family="sans-serif" font-size="88.70967741935483" opacity="1" fill="#666666">

</text>
<polyline fill="none" opacity="1" stroke="#666666" stroke-width="10" points="459,1729 499,1729 "/>
<text x="420" y="1625" dy="0.5ex" text-anchor="end" font-family="sans-serif" font-size="88.70967741935483" opacity="1" fill="#666666">
2
</text>
<polyline fill="none" opacity="1" stroke="#666666" stroke-width="10" points="459,1625 499,1625 "/>
<text x="420" y="1521" dy="0.5ex" text-anchor="end" font-family="sans-serif" font-size="88.70967741935483" opacity="1" fill="#666666">

</text>
<polyline fill="none" opacity="1" stroke="#666666" stroke-width="10" points="459,1521 499,1521 "/>
<text x="420" y="1416" dy="0.5ex" text-anchor="end" font-family="sans-serif" font-size="88.70967741935483" opacity="1" fill="#666666">

</text>
<polyline fill="none" opacity="1" stroke="#666666" stroke-width="10" points="459,1416 499,1416 "/>
<text x="420" y="1312" dy="0.5ex" text-anchor="end" font-family="sans-serif" font-size="88.70967741935483" opacity="1" fill="#666666">

</text>
<polyline fill="none" opacity="1" stroke="#666666" stroke-width="10" points="459,1312 499,1312 "/>
<text x="420" y="1208" dy="0.5ex" text-anchor="end" font-family="sans-serif" font-size="88.70967741935483" opacity="1" fill="#666666">
4
</text>
<polyline fill="none" opacity="1" stroke="#666666" stroke-width="10" points="459,1208 499,1208 "/>
<text x="420" y="1104" dy="0.5ex" text-anchor="end" font-family="sans-serif" font-size="88.70967741935483" opacity="1" fill="#666666">

</text>
<polyline fill="none" opacity="1" stroke="#666666" stroke-width="10" points="459,1104 499,1104 "/>
<text x="420" y="1000" dy="0.5ex" text-anchor="end" font-family="sans-serif" font-size="88.70967741935483" opacity="1" fill="#666666">

</text>
<polyline fill="none" opacity="1" stroke="#666666" stroke-width="10" points="459,1000 499,1000 "/>
<text x="420" y="896" dy="0.5ex" text-anchor="end" font-family="sans-serif" font-size="88.70967741935483" opacity="1" fill="#666666">

</text>
<polyline fill="none" opacity="1" stroke="#666666" stroke-width="10" points="459,896 499,896 "/>
<text x="420" y="792" dy="0.5ex" text-anchor="end" font-family="sans-serif" font-size="88.70967741935483" opacity="1" fill="#666666">
6
</text>
<polyline fill="none" opacity="1" stroke="#666666" stroke-width="10" points="459,792 499,792 "/>
<text x="420" y="688" dy="0.5ex" text-anchor="end" font-family="sans-serif" font-size="88.70967741935483" opacity="1" fill="#666666">

</text>
<polyline fill="none" opacity="1" stroke="#666666" stroke-width="10" points="459,688 499,688 "/>
<text x="420" y="584" dy="0.5ex" text-anchor="end" font-family="sans-serif" font-size="88.70967741935483" opacity="1" fill="#666666">

</text>
<polyline fill="none" opacity="1" stroke="#666666" stroke-width="10" points="459,584 499,584 "/>
<text x="420" y="479" dy="0.5ex" text-anchor="end" font-family="sans-serif" font-size="88.70967741935483" opacity="1" fill="#666666">

</text>
<polyline fill="none" opacity="1" stroke="#666666" stroke-width="10" points="459,479 499,479 "/>
<text x="420" y="375" dy="0.5ex" text-anchor="end" font-family="sans-serif" font-size="88.70967741935483" opacity="1" fill="#666666">
8
</text>
<polyline fill="none" opacity="1" stroke="#666666" stroke-width="10" points="459,375 499,375 "/>
<text x="420" y="271" dy="0.5ex" text-anchor="end" font-family="sans-serif" font-size="88.70967741935483" opacity="1" fill="#666666">

</text>
<polyline fill="none" opacity="1" stroke="#666666" stroke-width="10" points="459,271 499,271 "/>
<text x="420" y="167" dy="0.5ex" text-anchor="end" font-family="sans-serif" font-size="88.70967741935483" opacity="1" fill="#666666">

</text>
<polyline fill="none" opacity="1" stroke="#666666" stroke-width="10" points="459,167 499,167 "/>
<polyline fill="none" opacity="1" stroke="#666666" stroke-width="10" points="500,1900 3499,1900 "/>
<text x="611" y="1980" dy="0.76em" text-anchor="middle" font-family="sans-serif" font-size="88.70967741935483" opacity="1" fill="#666666">
1
</text>
<polyline fill="none" opacity="1" stroke="#666666" stroke-width="10" points="611,1900 611,1940 "/>
<text x="749" y="1980" dy="0.76em" text-anchor="middle" font-family="sans-serif" font-size="88.70967741935483" opacity="1" fill="#666666">

</text>
<polyline fill="none" opacity="1" stroke="#666666" stroke-width="10" points="749,1900 749,1940 "/>
<text x="888" y="1980" dy="0.76em" text-anchor="middle" font-family="sans-serif" font-size="88.70967741935483" opacity="1" fill="#666666">

</text>
<polyline fill="none" opacity="1" stroke="#666666" stroke-width="10" points="888,1900 888,1940 "/>
<text x="1027" y="1980" dy="0.76em" text-anchor="middle" font-family="sans-serif" font-size="88.70967741935483" opacity="1" fill="#666666">

</text>
<polyline fill="none" opacity="1" stroke="#666666" stroke-width="10" points="1027,1900 1027,1940 "/>
<text x="1166" y="1980" dy="0.76em" text-anchor="middle" font-family="sans-serif" font-size="88.70967741935483" opacity="1" fill="#666666">

</text>
<polyline fill="none" opacity="1" stroke="#666666" stroke-width="10" points="1166,1900 1166,1940 "/>
<text x="1305" y="1980" dy="0.76em" text-anchor="middle" font-family="sans-serif" font-size="88.70967741935483" opacity="1" fill="#666666">
1.5
</text>
<polyline fill="none" opacity="1" stroke="#666666" stroke-width="10" points="1305,1900 1305,1940 "/>
<text x="1444" y="1980" dy="0.76em" text-anchor="middle" font-family="sans-serif" font-size="88.70967741935483" opacity="1" fill="#666666">

</text>
<polyline fill="none" opacity="1" stroke="#666666" stroke-width="10" points="1444,1900 1444,1940 "/>
<text x="1582" y="1980" dy="0.76em" text-anchor="middle" font-family="sans-serif" font-size="88.70967741935483" opacity="1" fill="#666666">

</text>
<polyline fill="none" opacity="1" stroke="#666666" stroke-width="10" points="1582,1900 1582,1940 "/>
<text x="1721" y="1980" dy="0.76em" text-anchor="middle" font-family="sans-serif" font-size="88.70967741935483" opacity="1" fill="#666666">

</text>
<polyline fill="none" opacity="1" stroke="#666666" stroke-width="10" points="1721,1900 1721,1940 "/>
<text x="1860" y="1980" dy="0.76em" text-anchor="middle" font-family="sans-serif" font-size="88.70967741935483" opacity="1" fill="#666666">

</text>
<polyline fill="none" opacity="1" stroke="#666666" stroke-width="10" points="1860,1900 1860,1940 "/>
<text x="1999" y="1980" dy="0.76em" text-anchor="middle" font-family="sans-serif" font-size="88.70967741935483" opacity="1" fill="#666666">
2
</text>
<polyline fill="none" opacity="1" stroke="#666666" stroke-width="10" points="1999,1900 1999,1940 "/>
<text x="2138" y="1980" dy="0.76em" text-anchor="middle" font-family="sans-serif" font-size="88.70967741935483" opacity="1" fill="#666666">

</text>
<polyline fill="none" opacity="1" stroke="#666666" stroke-width="10" points="2138,1900 2138,1940 "/>
<text x="2277" y="1980" dy="0.76em" text-anchor="middle" font-family="sans-serif" font-size="88.70967741935483" opacity="1" fill="#666666">

</text>
<polyline fill="none" opacity="1" stroke="#666666" stroke-width="10" points="2277,1900 2277,1940 "/>
<text x="2416" y="1980" dy="0.76em" text-anchor="middle" font-family="sans-serif" font-size="88.70967741935483" opacity="1" fill="#666666">

</text>
<polyline fill="none" opacity="1" stroke="#666666" stroke-width="10" points="2416,1900 2416,1940 "/>
<text x="2554" y="1980" dy="0.76em" text-anchor="middle" font-family="sans-serif" font-size="88.70967741935483" opacity="1" fill="#666666">

</text>
<polyline fill="none" opacity="1" stroke="#666666" stroke-width="10" points="2554,1900 2554,1940 "/>
<text x="2693" y="1980" dy="0.76em" text-anchor="middle" font-family="sans-serif" font-size="88.70967741935483" opacity="1" fill="#666666">
2.5
</text>
<polyline fill="none" opacity="1" stroke="#666666" stroke-width="10" points="2693,1900 2693,1940 "/>
<text x="2832" y="1980" dy="0.76em" text-anchor="middle" font-family="sans-serif" font-size="88.70967741935483" opacity="1" fill="#666666">

</text>
<polyline fill="none" opacity="1" stroke="#666666" stroke-width="10" points="2832,1900 2832,1940 "/>
<text x="2971" y="1980" dy="0.76em" text-anchor="middle" font-family="sans-serif" font-size="88.70967741935483" opacity="1" fill="#666666">

</text>
<polyline fill="none" opacity="1" stroke="#666666" stroke-width="10" points="2971,1900 2971,1940 "/>
<text x="3110" y="1980" dy="0.76em" text-anchor="middle" font-family="sans-serif" font-size="88.70967741935483" opacity="1" fill="#666666">

</text>
<polyline fill="none" opacity="1" stroke="#666666" stroke-width="10" points="3110,1900 3110,1940 "/>
<text x="3249" y="1980" dy="0.76em" text-anchor="middle" font-family="sans-serif" font-size="88.70967741935483" opacity="1" fill="#666666">

</text>
<polyline fill="none" opacity="1" stroke="#666666" stroke-width="10" points="3249,1900 3249,1940 "/>
<circle cx="611" cy="1833" r="30" opacity="1" fill="#5E81B5" stroke="none" stroke-width="1"/>
<circle cx="1999" cy="1208" r="30" opacity="1" fill="#5E81B5" stroke="none" stroke-width="1"/>
<circle cx="3387" cy="167" r="30" opacity="1" fill="#5E81B5" stroke="none" stroke-width="1"/>
</svg>
