---
source: tests/interpreter_tests/graphics.rs
expression: "export_svg(\"BarChart[{1, 2, 3}, ImageSize -> 400]\")"
---
<svg width="400" height="250" viewBox="0 0 4000 2500" preserveAspectRatio="xMidYMid meet" xmlns="http://www.w3.org/2000/svg">
<rect x="0" y="0" width="4000" height="2500" opacity="1" fill="#FFFFFF" stroke="none"/>
<polyline fill="none" opacity="1" stroke="#666666" stroke-width="10" points="499,100 499,2149 "/>
<text x="420" y="2149" dy="0.5ex" text-anchor="end" font-family="sans-serif" font-size="88.70967741935483" opacity="1" fill="#666666">
0
</text>
<polyline fill="none" opacity="1" stroke="#666666" stroke-width="10" points="459,2149 499,2149 "/>
<text x="420" y="2025" dy="0.5ex" text-anchor="end" font-family="sans-serif" font-size="88.70967741935483" opacity="1" fill="#666666">

</text>
<polyline fill="none" opacity="1" stroke="#666666" stroke-width="10" points="459,2025 499,2025 "/>
<text x="420" y="1901" dy="0.5ex" text-anchor="end" font-family="sans-serif" font-size="88.70967741935483" opacity="1" fill="#666666">

</text>
<polyline fill="none" opacity="1" stroke="#666666" stroke-width="10" points="459,1901 499,1901 "/>
<text x="420" y="1777" dy="0.5ex" text-anchor="end" font-family="sans-serif" font-size="88.70967741935483" opacity="1" fill="#666666">

</text>
<polyline fill="none" opacity="1" stroke="#666666" stroke-width="10" points="459,1777 499,1777 "/>
<text x="420" y="1653" dy="0.5ex" text-anchor="end" font-family="sans-serif" font-size="88.70967741935483" opacity="1" fill="#666666">

</text>
<polyline fill="none" opacity="1" stroke="#666666" stroke-width="10" points="459,1653 499,1653 "/>
<text x="420" y="1529" dy="0.5ex" text-anchor="end" font-family="sans-serif" font-size="88.70967741935483" opacity="1" fill="#666666">
1
</text>
<polyline fill="none" opacity="1" stroke="#666666" stroke-width="10" points="459,1529 499,1529 "/>
<text x="420" y="1404" dy="0.5ex" text-anchor="end" font-family="sans-serif" font-size="88.70967741935483" opacity="1" fill="#666666">

</text>
<polyline fill="none" opacity="1" stroke="#666666" stroke-width="10" points="459,1404 499,1404 "/>
<text x="420" y="1280" dy="0.5ex" text-anchor="end" font-family="sans-serif" font-size="88.70967741935483" opacity="1" fill="#666666">

</text>
<polyline fill="none" opacity="1" stroke="#666666" stroke-width="10" points="459,1280 499,1280 "/>
<text x="420" y="1156" dy="0.5ex" text-anchor="end" font-family="sans-serif" font-size="88.70967741935483" opacity="1" fill="#666666">

</text>
<polyline fill="none" opacity="1" stroke="#666666" stroke-width="10" points="459,1156 499,1156 "/>
<text x="420" y="1032" dy="0.5ex" text-anchor="end" font-family="sans-serif" font-size="88.70967741935483" opacity="1" fill="#666666">

</text>
<polyline fill="none" opacity="1" stroke="#666666" stroke-width="10" points="459,1032 499,1032 "/>
<text x="420" y="908" dy="0.5ex" text-anchor="end" font-family="sans-serif" font-size="88.70967741935483" opacity="1" fill="#666666">
2
</text>
<polyline fill="none" opacity="1" stroke="#666666" stroke-width="10" points="459,908 499,908 "/>
<text x="420" y="783" dy="0.5ex" text-anchor="end" font-family="sans-serif" font-size="88.70967741935483" opacity="1" fill="#666666">

</text>
<polyline fill="none" opacity="1" stroke="#666666" stroke-width="10" points="459,783 499,783 "/>
<text x="420" y="659" dy="0.5ex" text-anchor="end" font-family="sans-serif" font-size="88.70967741935483" opacity="1" fill="#666666">

</text>
<polyline fill="none" opacity="1" stroke="#666666" stroke-width="10" points="459,659 499,659 "/>
<text x="420" y="535" dy="0.5ex" text-anchor="end" font-family="sans-serif" font-size="88.70967741935483" opacity="1" fill="#666666">

</text>
<polyline fill="none" opacity="1" stroke="#666666" stroke-width="10" points="459,535 499,535 "/>
<text x="420" y="411" dy="0.5ex" text-anchor="end" font-family="sans-serif" font-size="88.70967741935483" opacity="1" fill="#666666">

</text>
<polyline fill="none" opacity="1" stroke="#666666" stroke-width="10" points="459,411 499,411 "/>
<text x="420" y="287" dy="0.5ex" text-anchor="end" font-family="sans-serif" font-size="88.70967741935483" opacity="1" fill="#666666">
3
</text>
<polyline fill="none" opacity="1" stroke="#666666" stroke-width="10" points="459,287 499,287 "/>
<polyline fill="none" opacity="1" stroke="#666666" stroke-width="10" points="500,2150 3899,2150 "/>
<rect x="613" y="1529" width="906" height="620" opacity="1" fill="#5E81B5" stroke="none"/>
<rect x="1746" y="908" width="906" height="1241" opacity="1" fill="#5E81B5" stroke="none"/>
<rect x="2879" y="287" width="906" height="1862" opacity="1" fill="#5E81B5" stroke="none"/>
</svg>
