---
source: tests/interpreter_tests/graphics.rs
expression: "export_svg(\"Graphics[{PointSize[0.03], Point[{0, 0}]}]\")"
---
<svg width="360" height="360" viewBox="0 0 360 360" preserveAspectRatio="xMidYMid meet" xmlns="http://www.w3.org/2000/svg">
<circle cx="180.00" cy="180.00" r="5.40" fill="rgb(0,0,0)"/>
</svg>
