---
source: tests/interpreter_tests/graphics.rs
expression: "export_svg(\"DiscretePlot[Sin[n], {n, 0, 10, 2}]\")"
---
<svg width="360" height="225" viewBox="0 0 3600 2250" preserveAspectRatio="xMidYMid meet" xmlns="http://www.w3.org/2000/svg">
<rect x="0" y="0" width="3600" height="2250" opacity="1" fill="#FFFFFF" stroke="none"/>
<polyline fill="none" opacity="1" stroke="#666666" stroke-width="10" points="499,100 499,1899 "/>
<text x="420" y="1874" dy="0.5ex" text-anchor="end" font-family="sans-serif" font-size="88.70967741935483" opacity="1" fill="#666666">

</text>
<polyline fill="none" opacity="1" stroke="#666666" stroke-width="10" points="459,1874 499,1874 "/>
<text x="420" y="1779" dy="0.5ex" text-anchor="end" font-family="sans-serif" font-size="88.70967741935483" opacity="1" fill="#666666">

</text>
<polyline fill="none" opacity="1" stroke="#666666" stroke-width="10" points="459,1779 499,1779 "/>
<text x="420" y="1683" dy="0.5ex" text-anchor="end" font-family="sans-serif" font-size="88.70967741935483" opacity="1" fill="#666666">

</text>
<polyline fill="none" opacity="1" stroke="#666666" stroke-width="10" points="459,1683 499,1683 "/>
<text x="420" y="1588" dy="0.5ex" text-anchor="end" font-family="sans-serif" font-size="88.70967741935483" opacity="1" fill="#666666">
-0.5
</text>
<polyline fill="none" opacity="1" stroke="#666666" stroke-width="10" points="459,1588 499,1588 "/>
<text x="420" y="1492" dy="0.5ex" text-anchor="end" font-family="sans-serif" font-size="88.70967741935483" opacity="1" fill="#666666">

</text>
<polyline fill="none" opacity="1" stroke="#666666" stroke-width="10" points="459,1492 499,1492 "/>
<text x="420" y="1397" dy="0.5ex" text-anchor="end" font-family="sans-serif" font-size="88.70967741935483" opacity="1" fill="#666666">

</text>
<polyline fill="none" opacity="1" stroke="#666666" stroke-width="10" points="459,1397 499,1397 "/>
<text x="420" y="1302" dy="0.5ex" text-anchor="end" font-family="sans-serif" font-size="88.70967741935483" opacity="1" fill="#666666">

</text>
<polyline fill="none" opacity="1" stroke="#666666" stroke-width="10" points="459,1302 499,1302 "/>
<text x="420" y="1206" dy="0.5ex" text-anchor="end" font-family="sans-serif" font-size="88.70967741935483" opacity="1" fill="#666666">

</text>
<polyline fill="none" opacity="1" stroke="#666666" stroke-width="10" points="459,1206 499,1206 "/>
<text x="420" y="1111" dy="0.5ex" text-anchor="end" font-family="sans-serif" font-size="88.70967741935483" opacity="1" fill="#666666">
0
</text>
<polyline fill="none" opacity="1" stroke="#666666" stroke-width="10" points="459,1111 499,1111 "/>
<text x="420" y="1016" dy="0.5ex" text-anchor="end" font-family="sans-serif" font-size="88.70967741935483" opacity="1" fill="#666666">

</text>
<polyline fill="none" opacity="1" stroke="#666666" stroke-width="10" points="459,1016 499,1016 "/>
<text x="420" y="920" dy="0.5ex" text-anchor="end" font-family="sans-serif" font-size="88.70967741935483" opacity="1" fill="#666666">

</text>
<polyline fill="none" opacity="1" stroke="#666666" stroke-width="10" points="459,920 499,920 "/>
<text x="420" y="825" dy="0.5ex" text-anchor="end" font-family="sans-serif" font-size="88.70967741935483" opacity="1" fill="#666666">

</text>
<polyline fill="none" opacity="1" stroke="#666666" stroke-width="10" points="459,825 499,825 "/>
<text x="420" y="729" dy="0.5ex" text-anchor="end" font-family="sans-serif" font-size="88.70967741935483" opacity="1" fill="#666666">

</text>
<polyline fill="none" opacity="1" stroke="#666666" stroke-width="10" points="459,729 499,729 "/>
<text x="420" y="634" dy="0.5ex" text-anchor="end" font-family="sans-serif" font-size="88.70967741935483" opacity="1" fill="#666666">
0.5
</text>
<polyline fill="none" opacity="1" stroke="#666666" stroke-width="10" points="459,634 499,634 "/>
<text x="420" y="539" dy="0.5ex" text-anchor="end" font-family="sans-serif" font-size="88.70967741935483" opacity="1" fill="#666666">

</text>
<polyline fill="none" opacity="1" stroke="#666666" stroke-width="10" points="459,539 499,539 "/>
<text x="420" y="443" dy="0.5ex" text-anchor="end" font-family="sans-serif" font-size="88.70967741935483" opacity="1" fill="#666666">

</text>
<polyline fill="none" opacity="1" stroke="#666666" stroke-width="10" points="459,443 499,443 "/>
<text x="420" y="348" dy="0.5ex" text-anchor="end" font-family="sans-serif" font-size="88.70967741935483" opacity="1" fill="#666666">

</text>
<polyline fill="none" opacity="1" stroke="#666666" stroke-width="10" points="459,348 499,348 "/>
<text x="420" y="252" dy="0.5ex" text-anchor="end" font-family="sans-serif" font-size="88.70967741935483" opacity="1" fill="#666666">

</text>
<polyline fill="none" opacity="1" stroke="#666666" stroke-width="10" points="459,252 499,252 "/>
<polyline fill="none" opacity="1" stroke="#666666" stroke-width="10" points="500,1900 3499,1900 "/>
<text x="611" y="1980" dy="0.76em" text-anchor="middle" font-family="sans-serif" font-size="88.70967741935483" opacity="1" fill="#666666">
0
</text>
<polyline fill="none" opacity="1" stroke="#666666" stroke-width="10" points="611,1900 611,1940 "/>
<text x="888" y="1980" dy="0.76em" text-anchor="middle" font-family="sans-serif" font-size="88.70967741935483" opacity="1" fill="#666666">

</text>
<polyline fill="none" opacity="1" stroke="#666666" stroke-width="10" points="888,1900 888,1940 "/>
<text x="1166" y="1980" dy="0.76em" text-anchor="middle" font-family="sans-serif" font-size="88.70967741935483" opacity="1" fill="#666666">

</text>
<polyline fill="none" opacity="1" stroke="#666666" stroke-width="10" points="1166,1900 1166,1940 "/>
<text x="1444" y="1980" dy="0.76em" text-anchor="middle" font-family="sans-serif" font-size="88.70967741935483" opacity="1" fill="#666666">

</text>
<polyline fill="none" opacity="1" stroke="#666666" stroke-width="10" points="1444,1900 1444,1940 "/>
<text x="1721" y="1980" dy="0.76em" text-anchor="middle" font-family="sans-serif" font-size="88.70967741935483" opacity="1" fill="#666666">

</text>
<polyline fill="none" opacity="1" stroke="#666666" stroke-width="10" points="1721,1900 1721,1940 "/>
<text x="1999" y="1980" dy="0.76em" text-anchor="middle" font-family="sans-serif" font-size="88.70967741935483" opacity="1" fill="#666666">
5
</text>
<polyline fill="none" opacity="1" stroke="#666666" stroke-width="10" points="1999,1900 1999,1940 "/>
<text x="2277" y="1980" dy="0.76em" text-anchor="middle" font-family="sans-serif" font-size="88.70967741935483" opacity="1" fill="#666666">

</text>
<polyline fill="none" opacity="1" stroke="#666666" stroke-width="10" points="2277,1900 2277,1940 "/>
<text x="2554" y="1980" dy="0.76em" text-anchor="middle" font-family="sans-serif" font-size="88.70967741935483" opacity="1" fill="#666666">

</text>
<polyline fill="none" opacity="1" stroke="#666666" stroke-width="10" points="2554,1900 2554,1940 "/>
<text x="2832" y="1980" dy="0.76em" text-anchor="middle" font-family="sans-serif" font-size="88.70967741935483" opacity="1" fill="#666666">

</text>
<polyline fill="none" opacity="1" stroke="#666666" stroke-width="10" points="2832,1900 2832,1940 "/>
<text x="3110" y="1980" dy="0.76em" text-anchor="middle" font-family="sans-serif" font-size="88.70967741935483" opacity="1" fill="#666666">

</text>
<polyline fill="none" opacity="1" stroke="#666666" stroke-width="10" points="3110,1900 3110,1940 "/>
<text x="3387" y="1980" dy="0.76em" text-anchor="middle" font-family="sans-serif" font-size="88.70967741935483" opacity="1" fill="#666666">
10
</text>
<polyline fill="none" opacity="1" stroke="#666666" stroke-width="10" points="3387,1900 3387,1940 "/>
<polyline fill="none" opacity="1" stroke="#CCCCCC" stroke-width="10" points="500,1111 3499,1111 "/>
<polyline fill="none" opacity="1" stroke="#CCCCCC" stroke-width="10" points="611,1899 611,100 "/>
<circle cx="611" cy="1111" r="30" opacity="1" fill="#5E81B5" stroke="none" stroke-width="1"/>
<circle cx="1166" cy="244" r="30" opacity="1" fill="#5E81B5" stroke="none" stroke-width="1"/>
<circle cx="1721" cy="1833" r="30" opacity="1" fill="#5E81B5" stroke="none" stroke-width="1"/>
<circle cx="2277" cy="1377" r="30" opacity="1" fill="#5E81B5" stroke="none" stroke-width="1"/>
<circle cx="2832" cy="167" r="30" opacity="1" fill="#5E81B5" stroke="none" stroke-width="1"/>
<circle cx="3387" cy="1630" r="30" opacity="1" fill="#5E81B5" stroke="none" stroke-width="1"/>
</svg>
