---
source: tests/interpreter_tests/graphics.rs
expression: "export_svg(r#\"BarChart[{1, 2, 3, 4, 5}, ChartStyle -> {Red, Blue}]\"#)"
---
<svg width="360" height="225" viewBox="0 0 3600 2250" preserveAspectRatio="xMidYMid meet" xmlns="http://www.w3.org/2000/svg">
<rect x="0" y="0" width="3600" height="2250" opacity="1" fill="#FFFFFF" stroke="none"/>
<polyline fill="none" opacity="1" stroke="#666666" stroke-width="10" points="749,100 749,2029 "/>
<text x="670" y="2029" dy="0.5ex" text-anchor="end" font-family="sans-serif" font-size="104.83870967741936" opacity="1" fill="#666666">
0
</text>
<polyline fill="none" opacity="1" stroke="#666666" stroke-width="10" points="709,2029 749,2029 "/>
<text x="670" y="1854" dy="0.5ex" text-anchor="end" font-family="sans-serif" font-size="104.83870967741936" opacity="1" fill="#666666">

</text>
<polyline fill="none" opacity="1" stroke="#666666" stroke-width="10" points="709,1854 749,1854 "/>
<text x="670" y="1679" dy="0.5ex" text-anchor="end" font-family="sans-serif" font-size="104.83870967741936" opacity="1" fill="#666666">

</text>
<polyline fill="none" opacity="1" stroke="#666666" stroke-width="10" points="709,1679 749,1679 "/>
<text x="670" y="1503" dy="0.5ex" text-anchor="end" font-family="sans-serif" font-size="104.83870967741936" opacity="1" fill="#666666">

</text>
<polyline fill="none" opacity="1" stroke="#666666" stroke-width="10" points="709,1503 749,1503 "/>
<text x="670" y="1328" dy="0.5ex" text-anchor="end" font-family="sans-serif" font-size="104.83870967741936" opacity="1" fill="#666666">
2
</text>
<polyline fill="none" opacity="1" stroke="#666666" stroke-width="10" points="709,1328 749,1328 "/>
<text x="670" y="1153" dy="0.5ex" text-anchor="end" font-family="sans-serif" font-size="104.83870967741936" opacity="1" fill="#666666">

</text>
<polyline fill="none" opacity="1" stroke="#666666" stroke-width="10" points="709,1153 749,1153 "/>
<text x="670" y="977" dy="0.5ex" text-anchor="end" font-family="sans-serif" font-size="104.83870967741936" opacity="1" fill="#666666">

</text>
<polyline fill="none" opacity="1" stroke="#666666" stroke-width="10" points="709,977 749,977 "/>
<text x="670" y="802" dy="0.5ex" text-anchor="end" font-family="sans-serif" font-size="104.83870967741936" opacity="1" fill="#666666">

</text>
<polyline fill="none" opacity="1" stroke="#666666" stroke-width="10" points="709,802 749,802 "/>
<text x="670" y="627" dy="0.5ex" text-anchor="end" font-family="sans-serif" font-size="104.83870967741936" opacity="1" fill="#666666">
4
</text>
<polyline fill="none" opacity="1" stroke="#666666" stroke-width="10" points="709,627 749,627 "/>
<text x="670" y="451" dy="0.5ex" text-anchor="end" font-family="sans-serif" font-size="104.83870967741936" opacity="1" fill="#666666">

</text>
<polyline fill="none" opacity="1" stroke="#666666" stroke-width="10" points="709,451 749,451 "/>
<text x="670" y="276" dy="0.5ex" text-anchor="end" font-family="sans-serif" font-size="104.83870967741936" opacity="1" fill="#666666">

</text>
<polyline fill="none" opacity="1" stroke="#666666" stroke-width="10" points="709,276 749,276 "/>
<text x="670" y="100" dy="0.5ex" text-anchor="end" font-family="sans-serif" font-size="104.83870967741936" opacity="1" fill="#666666">

</text>
<polyline fill="none" opacity="1" stroke="#666666" stroke-width="10" points="709,100 749,100 "/>
<polyline fill="none" opacity="1" stroke="#666666" stroke-width="10" points="750,2030 3499,2030 "/>
<rect x="804" y="1679" width="440" height="350" opacity="1" fill="#FF0000" stroke="#000000" stroke-width="10"><title>1</title></rect>
<rect x="1354" y="1328" width="440" height="701" opacity="1" fill="#0000FF" stroke="#000000" stroke-width="10"><title>2</title></rect>
<rect x="1904" y="977" width="440" height="1052" opacity="1" fill="#FF0000" stroke="#000000" stroke-width="10"><title>3</title></rect>
<rect x="2454" y="627" width="440" height="1402" opacity="1" fill="#0000FF" stroke="#000000" stroke-width="10"><title>4</title></rect>
<rect x="3004" y="276" width="440" height="1753" opacity="1" fill="#FF0000" stroke="#000000" stroke-width="10"><title>5</title></rect>
<line x1="710.0" y1="2030.0" x2="680.0" y2="2030.0" stroke="#666" stroke-width="10"/>
<line x1="710.0" y1="1328.2" x2="680.0" y2="1328.2" stroke="#666" stroke-width="10"/>
<line x1="710.0" y1="626.4" x2="680.0" y2="626.4" stroke="#666" stroke-width="10"/>
</svg>
