---
source: tests/interpreter_tests/graphics.rs
expression: "export_svg(\"ListPlot[{{1, 2}, {3, 5}, {7, 1}}]\")"
---
<svg width="360" height="225" viewBox="0 0 3600 2250" preserveAspectRatio="xMidYMid meet" xmlns="http://www.w3.org/2000/svg">
<rect x="0" y="0" width="3600" height="2250" opacity="1" fill="#FFFFFF" stroke="none"/>
<polyline fill="none" opacity="1" stroke="#666666" stroke-width="10" points="499,100 499,1899 "/>
<text x="420" y="1833" dy="0.5ex" text-anchor="end" font-family="sans-serif" font-size="88.70967741935483" opacity="1" fill="#666666">
1
</text>
<polyline fill="none" opacity="1" stroke="#666666" stroke-width="10" points="459,1833 499,1833 "/>
<text x="420" y="1750" dy="0.5ex" text-anchor="end" font-family="sans-serif" font-size="88.70967741935483" opacity="1" fill="#666666">

</text>
<polyline fill="none" opacity="1" stroke="#666666" stroke-width="10" points="459,1750 499,1750 "/>
<text x="420" y="1666" dy="0.5ex" text-anchor="end" font-family="sans-serif" font-size="88.70967741935483" opacity="1" fill="#666666">

</text>
<polyline fill="none" opacity="1" stroke="#666666" stroke-width="10" points="459,1666 499,1666 "/>
<text x="420" y="1583" dy="0.5ex" text-anchor="end" font-family="sans-serif" font-size="88.70967741935483" opacity="1" fill="#666666">

</text>
<polyline fill="none" opacity="1" stroke="#666666" stroke-width="10" points="459,1583 499,1583 "/>
<text x="420" y="1500" dy="0.5ex" text-anchor="end" font-family="sans-serif" font-size="88.70967741935483" opacity="1" fill="#666666">

</text>
<polyline fill="none" opacity="1" stroke="#666666" stroke-width="10" points="459,1500 499,1500 "/>
<text x="420" y="1416" dy="0.5ex" text-anchor="end" font-family="sans-serif" font-size="88.70967741935483" opacity="1" fill="#666666">
2
</text>
<polyline fill="none" opacity="1" stroke="#666666" stroke-width="10" points="459,1416 499,1416 "/>
<text x="420" y="1333" dy="0.5ex" text-anchor="end" font-family="sans-serif" font-size="88.70967741935483" opacity="1" fill="#666666">

</text>
<polyline fill="none" opacity="1" stroke="#666666" stroke-width="10" points="459,1333 499,1333 "/>
<text x="420" y="1250" dy="0.5ex" text-anchor="end" font-family="sans-serif" font-size="88.70967741935483" opacity="1" fill="#666666">

</text>
<polyline fill="none" opacity="1" stroke="#666666" stroke-width="10" points="459,1250 499,1250 "/>
<text x="420" y="1167" dy="0.5ex" text-anchor="end" font-family="sans-serif" font-size="88.70967741935483" opacity="1" fill="#666666">

</text>
<polyline fill="none" opacity="1" stroke="#666666" stroke-width="10" points="459,1167 499,1167 "/>
<text x="420" y="1083" dy="0.5ex" text-anchor="end" font-family="sans-serif" font-size="88.70967741935483" opacity="1" fill="#666666">

</text>
<polyline fill="none" opacity="1" stroke="#666666" stroke-width="10" points="459,1083 499,1083 "/>
<text x="420" y="1000" dy="0.5ex" text-anchor="end" font-family="sans-serif" font-size="88.70967741935483" opacity="1" fill="#666666">
3
</text>
<polyline fill="none" opacity="1" stroke="#666666" stroke-width="10" points="459,1000 499,1000 "/>
<text x="420" y="917" dy="0.5ex" text-anchor="end" font-family="sans-serif" font-size="88.70967741935483" opacity="1" fill="#666666">

</text>
<polyline fill="none" opacity="1" stroke="#666666" stroke-width="10" points="459,917 499,917 "/>
<text x="420" y="833" dy="0.5ex" text-anchor="end" font-family="sans-serif" font-size="88.70967741935483" opacity="1" fill="#666666">

</text>
<polyline fill="none" opacity="1" stroke="#666666" stroke-width="10" points="459,833 499,833 "/>
<text x="420" y="750" dy="0.5ex" text-anchor="end" font-family="sans-serif" font-size="88.70967741935483" opacity="1" fill="#666666">

</text>
<polyline fill="none" opacity="1" stroke="#666666" stroke-width="10" points="459,750 499,750 "/>
<text x="420" y="667" dy="0.5ex" text-anchor="end" font-family="sans-serif" font-size="88.70967741935483" opacity="1" fill="#666666">

</text>
<polyline fill="none" opacity="1" stroke="#666666" stroke-width="10" points="459,667 499,667 "/>
<text x="420" y="584" dy="0.5ex" text-anchor="end" font-family="sans-serif" font-size="88.70967741935483" opacity="1" fill="#666666">
4
</text>
<polyline fill="none" opacity="1" stroke="#666666" stroke-width="10" points="459,584 499,584 "/>
<text x="420" y="500" dy="0.5ex" text-anchor="end" font-family="sans-serif" font-size="88.70967741935483" opacity="1" fill="#666666">

</text>
<polyline fill="none" opacity="1" stroke="#666666" stroke-width="10" points="459,500 499,500 "/>
<text x="420" y="417" dy="0.5ex" text-anchor="end" font-family="sans-serif" font-size="88.70967741935483" opacity="1" fill="#666666">

</text>
<polyline fill="none" opacity="1" stroke="#666666" stroke-width="10" points="459,417 499,417 "/>
<text x="420" y="334" dy="0.5ex" text-anchor="end" font-family="sans-serif" font-size="88.70967741935483" opacity="1" fill="#666666">

</text>
<polyline fill="none" opacity="1" stroke="#666666" stroke-width="10" points="459,334 499,334 "/>
<text x="420" y="250" dy="0.5ex" text-anchor="end" font-family="sans-serif" font-size="88.70967741935483" opacity="1" fill="#666666">

</text>
<polyline fill="none" opacity="1" stroke="#666666" stroke-width="10" points="459,250 499,250 "/>
<polyline fill="none" opacity="1" stroke="#666666" stroke-width="10" points="500,1900 3499,1900 "/>
<text x="611" y="1980" dy="0.76em" text-anchor="middle" font-family="sans-serif" font-size="88.70967741935483" opacity="1" fill="#666666">

</text>
<polyline fill="none" opacity="1" stroke="#666666" stroke-width="10" points="611,1900 611,1940 "/>
<text x="842" y="1980" dy="0.76em" text-anchor="middle" font-family="sans-serif" font-size="88.70967741935483" opacity="1" fill="#666666">

</text>
<polyline fill="none" opacity="1" stroke="#666666" stroke-width="10" points="842,1900 842,1940 "/>
<text x="1073" y="1980" dy="0.76em" text-anchor="middle" font-family="sans-serif" font-size="88.70967741935483" opacity="1" fill="#666666">
2
</text>
<polyline fill="none" opacity="1" stroke="#666666" stroke-width="10" points="1073,1900 1073,1940 "/>
<text x="1305" y="1980" dy="0.76em" text-anchor="middle" font-family="sans-serif" font-size="88.70967741935483" opacity="1" fill="#666666">

</text>
<polyline fill="none" opacity="1" stroke="#666666" stroke-width="10" points="1305,1900 1305,1940 "/>
<text x="1536" y="1980" dy="0.76em" text-anchor="middle" font-family="sans-serif" font-size="88.70967741935483" opacity="1" fill="#666666">

</text>
<polyline fill="none" opacity="1" stroke="#666666" stroke-width="10" points="1536,1900 1536,1940 "/>
<text x="1768" y="1980" dy="0.76em" text-anchor="middle" font-family="sans-serif" font-size="88.70967741935483" opacity="1" fill="#666666">

</text>
<polyline fill="none" opacity="1" stroke="#666666" stroke-width="10" points="1768,1900 1768,1940 "/>
<text x="1999" y="1980" dy="0.76em" text-anchor="middle" font-family="sans-serif" font-size="88.70967741935483" opacity="1" fill="#666666">
4
</text>
<polyline fill="none" opacity="1" stroke="#666666" stroke-width="10" points="1999,1900 1999,1940 "/>
<text x="2230" y="1980" dy="0.76em" text-anchor="middle" font-family="sans-serif" font-size="88.70967741935483" opacity="1" fill="#666666">

</text>
<polyline fill="none" opacity="1" stroke="#666666" stroke-width="10" points="2230,1900 2230,1940 "/>
<text x="2462" y="1980" dy="0.76em" text-anchor="middle" font-family="sans-serif" font-size="88.70967741935483" opacity="1" fill="#666666">

</text>
<polyline fill="none" opacity="1" stroke="#666666" stroke-width="10" points="2462,1900 2462,1940 "/>
<text x="2693" y="1980" dy="0.76em" text-anchor="middle" font-family="sans-serif" font-size="88.70967741935483" opacity="1" fill="#666666">

</text>
<polyline fill="none" opacity="1" stroke="#666666" stroke-width="10" points="2693,1900 2693,1940 "/>
<text x="2925" y="1980" dy="0.76em" text-anchor="middle" font-family="sans-serif" font-size="88.70967741935483" opacity="1" fill="#666666">
6
</text>
<polyline fill="none" opacity="1" stroke="#666666" stroke-width="10" points="2925,1900 2925,1940 "/>
<text x="3156" y="1980" dy="0.76em" text-anchor="middle" font-family="sans-serif" font-size="88.70967741935483" opacity="1" fill="#666666">

</text>
<polyline fill="none" opacity="1" stroke="#666666" stroke-width="10" points="3156,1900 3156,1940 "/>
<text x="3387" y="1980" dy="0.76em" text-anchor="middle" font-family="sans-serif" font-size="88.70967741935483" opacity="1" fill="#666666">

</text>
<polyline fill="none" opacity="1" stroke="#666666" stroke-width="10" points="3387,1900 3387,1940 "/>
<circle cx="611" cy="1416" r="30" opacity="1" fill="#5E81B5" stroke="none" stroke-width="1"/>
<circle cx="1536" cy="167" r="30" opacity="1" fill="#5E81B5" stroke="none" stroke-width="1"/>
<circle cx="3387" cy="1833" r="30" opacity="1" fill="#5E81B5" stroke="none" stroke-width="1"/>
</svg>
