---
source: tests/interpreter_tests/graphics.rs
expression: "export_svg(r#\"BarChart[{1, 2, 3}, AxesLabel -> {\"X Axis\", \"Y Axis\"}]\"#)"
---
<svg width="360" height="225" viewBox="0 0 3600 2250" preserveAspectRatio="xMidYMid meet" xmlns="http://www.w3.org/2000/svg">
<rect x="0" y="0" width="3600" height="2250" opacity="1" fill="#FFFFFF" stroke="none"/>
<polyline fill="none" opacity="1" stroke="#666666" stroke-width="10" points="749,100 749,1789 "/>
<text x="670" y="1789" dy="0.5ex" text-anchor="end" font-family="Atkinson Hyperlegible Next, sans-serif" font-size="104.83870967741936" opacity="1" fill="#666666">
0
</text>
<polyline fill="none" opacity="1" stroke="#666666" stroke-width="10" points="709,1789 749,1789 "/>
<text x="670" y="1687" dy="0.5ex" text-anchor="end" font-family="Atkinson Hyperlegible Next, sans-serif" font-size="104.83870967741936" opacity="1" fill="#666666">

</text>
<polyline fill="none" opacity="1" stroke="#666666" stroke-width="10" points="709,1687 749,1687 "/>
<text x="670" y="1585" dy="0.5ex" text-anchor="end" font-family="Atkinson Hyperlegible Next, sans-serif" font-size="104.83870967741936" opacity="1" fill="#666666">

</text>
<polyline fill="none" opacity="1" stroke="#666666" stroke-width="10" points="709,1585 749,1585 "/>
<text x="670" y="1482" dy="0.5ex" text-anchor="end" font-family="Atkinson Hyperlegible Next, sans-serif" font-size="104.83870967741936" opacity="1" fill="#666666">

</text>
<polyline fill="none" opacity="1" stroke="#666666" stroke-width="10" points="709,1482 749,1482 "/>
<text x="670" y="1380" dy="0.5ex" text-anchor="end" font-family="Atkinson Hyperlegible Next, sans-serif" font-size="104.83870967741936" opacity="1" fill="#666666">

</text>
<polyline fill="none" opacity="1" stroke="#666666" stroke-width="10" points="709,1380 749,1380 "/>
<text x="670" y="1278" dy="0.5ex" text-anchor="end" font-family="Atkinson Hyperlegible Next, sans-serif" font-size="104.83870967741936" opacity="1" fill="#666666">
1
</text>
<polyline fill="none" opacity="1" stroke="#666666" stroke-width="10" points="709,1278 749,1278 "/>
<text x="670" y="1175" dy="0.5ex" text-anchor="end" font-family="Atkinson Hyperlegible Next, sans-serif" font-size="104.83870967741936" opacity="1" fill="#666666">

</text>
<polyline fill="none" opacity="1" stroke="#666666" stroke-width="10" points="709,1175 749,1175 "/>
<text x="670" y="1073" dy="0.5ex" text-anchor="end" font-family="Atkinson Hyperlegible Next, sans-serif" font-size="104.83870967741936" opacity="1" fill="#666666">

</text>
<polyline fill="none" opacity="1" stroke="#666666" stroke-width="10" points="709,1073 749,1073 "/>
<text x="670" y="971" dy="0.5ex" text-anchor="end" font-family="Atkinson Hyperlegible Next, sans-serif" font-size="104.83870967741936" opacity="1" fill="#666666">

</text>
<polyline fill="none" opacity="1" stroke="#666666" stroke-width="10" points="709,971 749,971 "/>
<text x="670" y="868" dy="0.5ex" text-anchor="end" font-family="Atkinson Hyperlegible Next, sans-serif" font-size="104.83870967741936" opacity="1" fill="#666666">

</text>
<polyline fill="none" opacity="1" stroke="#666666" stroke-width="10" points="709,868 749,868 "/>
<text x="670" y="766" dy="0.5ex" text-anchor="end" font-family="Atkinson Hyperlegible Next, sans-serif" font-size="104.83870967741936" opacity="1" fill="#666666">
2
</text>
<polyline fill="none" opacity="1" stroke="#666666" stroke-width="10" points="709,766 749,766 "/>
<text x="670" y="663" dy="0.5ex" text-anchor="end" font-family="Atkinson Hyperlegible Next, sans-serif" font-size="104.83870967741936" opacity="1" fill="#666666">

</text>
<polyline fill="none" opacity="1" stroke="#666666" stroke-width="10" points="709,663 749,663 "/>
<text x="670" y="561" dy="0.5ex" text-anchor="end" font-family="Atkinson Hyperlegible Next, sans-serif" font-size="104.83870967741936" opacity="1" fill="#666666">

</text>
<polyline fill="none" opacity="1" stroke="#666666" stroke-width="10" points="709,561 749,561 "/>
<text x="670" y="459" dy="0.5ex" text-anchor="end" font-family="Atkinson Hyperlegible Next, sans-serif" font-size="104.83870967741936" opacity="1" fill="#666666">

</text>
<polyline fill="none" opacity="1" stroke="#666666" stroke-width="10" points="709,459 749,459 "/>
<text x="670" y="356" dy="0.5ex" text-anchor="end" font-family="Atkinson Hyperlegible Next, sans-serif" font-size="104.83870967741936" opacity="1" fill="#666666">

</text>
<polyline fill="none" opacity="1" stroke="#666666" stroke-width="10" points="709,356 749,356 "/>
<text x="670" y="254" dy="0.5ex" text-anchor="end" font-family="Atkinson Hyperlegible Next, sans-serif" font-size="104.83870967741936" opacity="1" fill="#666666">
3
</text>
<polyline fill="none" opacity="1" stroke="#666666" stroke-width="10" points="709,254 749,254 "/>
<polyline fill="none" opacity="1" stroke="#666666" stroke-width="10" points="750,1790 3499,1790 "/>
<rect x="841" y="1278" width="733" height="511" opacity="1" fill="#5E81B5" stroke="#000000" stroke-width="10"><title>1</title></rect>
<rect x="1757" y="766" width="734" height="1023" opacity="1" fill="#5E81B5" stroke="#000000" stroke-width="10"><title>2</title></rect>
<rect x="2674" y="254" width="733" height="1535" opacity="1" fill="#5E81B5" stroke="#000000" stroke-width="10"><title>3</title></rect>
<line x1="710.0" y1="1790.0" x2="680.0" y2="1790.0" stroke="#666" stroke-width="10"/>
<line x1="710.0" y1="1277.9" x2="680.0" y2="1277.9" stroke="#666" stroke-width="10"/>
<line x1="710.0" y1="765.8" x2="680.0" y2="765.8" stroke="#666" stroke-width="10"/>
<line x1="710.0" y1="253.6" x2="680.0" y2="253.6" stroke="#666" stroke-width="10"/>
<text x="2125.0" y="2060.0" text-anchor="middle" font-family="Atkinson Hyperlegible Next, sans-serif" font-size="180" fill="#666">X Axis</text>
<text x="244.0" y="945.0" text-anchor="middle" font-family="Atkinson Hyperlegible Next, sans-serif" font-size="180" fill="#666" transform="rotate(-90,244.0,945.0)">Y Axis</text>
</svg>
