---
source: tests/interpreter_tests/graphics.rs
expression: "export_svg(\"ListPlot[{1, 2, 3}, ImageSize -> 200]\")"
---
<svg width="200" height="125" viewBox="0 0 2000 1250" preserveAspectRatio="xMidYMid meet" xmlns="http://www.w3.org/2000/svg">
<rect x="0" y="0" width="2000" height="1250" opacity="1" fill="#FFFFFF" stroke="none"/>
<polyline fill="none" opacity="1" stroke="#666666" stroke-width="10" points="499,100 499,899 "/>
<text x="420" y="870" dy="0.5ex" text-anchor="end" font-family="sans-serif" font-size="88.70967741935483" opacity="1" fill="#666666">
1
</text>
<polyline fill="none" opacity="1" stroke="#666666" stroke-width="10" points="459,870 499,870 "/>
<text x="420" y="833" dy="0.5ex" text-anchor="end" font-family="sans-serif" font-size="88.70967741935483" opacity="1" fill="#666666">

</text>
<polyline fill="none" opacity="1" stroke="#666666" stroke-width="10" points="459,833 499,833 "/>
<text x="420" y="796" dy="0.5ex" text-anchor="end" font-family="sans-serif" font-size="88.70967741935483" opacity="1" fill="#666666">

</text>
<polyline fill="none" opacity="1" stroke="#666666" stroke-width="10" points="459,796 499,796 "/>
<text x="420" y="759" dy="0.5ex" text-anchor="end" font-family="sans-serif" font-size="88.70967741935483" opacity="1" fill="#666666">

</text>
<polyline fill="none" opacity="1" stroke="#666666" stroke-width="10" points="459,759 499,759 "/>
<text x="420" y="722" dy="0.5ex" text-anchor="end" font-family="sans-serif" font-size="88.70967741935483" opacity="1" fill="#666666">

</text>
<polyline fill="none" opacity="1" stroke="#666666" stroke-width="10" points="459,722 499,722 "/>
<text x="420" y="685" dy="0.5ex" text-anchor="end" font-family="sans-serif" font-size="88.70967741935483" opacity="1" fill="#666666">
1.5
</text>
<polyline fill="none" opacity="1" stroke="#666666" stroke-width="10" points="459,685 499,685 "/>
<text x="420" y="648" dy="0.5ex" text-anchor="end" font-family="sans-serif" font-size="88.70967741935483" opacity="1" fill="#666666">

</text>
<polyline fill="none" opacity="1" stroke="#666666" stroke-width="10" points="459,648 499,648 "/>
<text x="420" y="611" dy="0.5ex" text-anchor="end" font-family="sans-serif" font-size="88.70967741935483" opacity="1" fill="#666666">

</text>
<polyline fill="none" opacity="1" stroke="#666666" stroke-width="10" points="459,611 499,611 "/>
<text x="420" y="574" dy="0.5ex" text-anchor="end" font-family="sans-serif" font-size="88.70967741935483" opacity="1" fill="#666666">

</text>
<polyline fill="none" opacity="1" stroke="#666666" stroke-width="10" points="459,574 499,574 "/>
<text x="420" y="537" dy="0.5ex" text-anchor="end" font-family="sans-serif" font-size="88.70967741935483" opacity="1" fill="#666666">

</text>
<polyline fill="none" opacity="1" stroke="#666666" stroke-width="10" points="459,537 499,537 "/>
<text x="420" y="500" dy="0.5ex" text-anchor="end" font-family="sans-serif" font-size="88.70967741935483" opacity="1" fill="#666666">
2
</text>
<polyline fill="none" opacity="1" stroke="#666666" stroke-width="10" points="459,500 499,500 "/>
<text x="420" y="463" dy="0.5ex" text-anchor="end" font-family="sans-serif" font-size="88.70967741935483" opacity="1" fill="#666666">

</text>
<polyline fill="none" opacity="1" stroke="#666666" stroke-width="10" points="459,463 499,463 "/>
<text x="420" y="426" dy="0.5ex" text-anchor="end" font-family="sans-serif" font-size="88.70967741935483" opacity="1" fill="#666666">

</text>
<polyline fill="none" opacity="1" stroke="#666666" stroke-width="10" points="459,426 499,426 "/>
<text x="420" y="389" dy="0.5ex" text-anchor="end" font-family="sans-serif" font-size="88.70967741935483" opacity="1" fill="#666666">

</text>
<polyline fill="none" opacity="1" stroke="#666666" stroke-width="10" points="459,389 499,389 "/>
<text x="420" y="352" dy="0.5ex" text-anchor="end" font-family="sans-serif" font-size="88.70967741935483" opacity="1" fill="#666666">

</text>
<polyline fill="none" opacity="1" stroke="#666666" stroke-width="10" points="459,352 499,352 "/>
<text x="420" y="315" dy="0.5ex" text-anchor="end" font-family="sans-serif" font-size="88.70967741935483" opacity="1" fill="#666666">
2.5
</text>
<polyline fill="none" opacity="1" stroke="#666666" stroke-width="10" points="459,315 499,315 "/>
<text x="420" y="278" dy="0.5ex" text-anchor="end" font-family="sans-serif" font-size="88.70967741935483" opacity="1" fill="#666666">

</text>
<polyline fill="none" opacity="1" stroke="#666666" stroke-width="10" points="459,278 499,278 "/>
<text x="420" y="241" dy="0.5ex" text-anchor="end" font-family="sans-serif" font-size="88.70967741935483" opacity="1" fill="#666666">

</text>
<polyline fill="none" opacity="1" stroke="#666666" stroke-width="10" points="459,241 499,241 "/>
<text x="420" y="204" dy="0.5ex" text-anchor="end" font-family="sans-serif" font-size="88.70967741935483" opacity="1" fill="#666666">

</text>
<polyline fill="none" opacity="1" stroke="#666666" stroke-width="10" points="459,204 499,204 "/>
<text x="420" y="167" dy="0.5ex" text-anchor="end" font-family="sans-serif" font-size="88.70967741935483" opacity="1" fill="#666666">

</text>
<polyline fill="none" opacity="1" stroke="#666666" stroke-width="10" points="459,167 499,167 "/>
<polyline fill="none" opacity="1" stroke="#666666" stroke-width="10" points="500,900 1899,900 "/>
<text x="551" y="980" dy="0.76em" text-anchor="middle" font-family="sans-serif" font-size="88.70967741935483" opacity="1" fill="#666666">
1
</text>
<polyline fill="none" opacity="1" stroke="#666666" stroke-width="10" points="551,900 551,940 "/>
<text x="616" y="980" dy="0.76em" text-anchor="middle" font-family="sans-serif" font-size="88.70967741935483" opacity="1" fill="#666666">

</text>
<polyline fill="none" opacity="1" stroke="#666666" stroke-width="10" points="616,900 616,940 "/>
<text x="681" y="980" dy="0.76em" text-anchor="middle" font-family="sans-serif" font-size="88.70967741935483" opacity="1" fill="#666666">

</text>
<polyline fill="none" opacity="1" stroke="#666666" stroke-width="10" points="681,900 681,940 "/>
<text x="746" y="980" dy="0.76em" text-anchor="middle" font-family="sans-serif" font-size="88.70967741935483" opacity="1" fill="#666666">

</text>
<polyline fill="none" opacity="1" stroke="#666666" stroke-width="10" points="746,900 746,940 "/>
<text x="810" y="980" dy="0.76em" text-anchor="middle" font-family="sans-serif" font-size="88.70967741935483" opacity="1" fill="#666666">

</text>
<polyline fill="none" opacity="1" stroke="#666666" stroke-width="10" points="810,900 810,940 "/>
<text x="875" y="980" dy="0.76em" text-anchor="middle" font-family="sans-serif" font-size="88.70967741935483" opacity="1" fill="#666666">
1.5
</text>
<polyline fill="none" opacity="1" stroke="#666666" stroke-width="10" points="875,900 875,940 "/>
<text x="940" y="980" dy="0.76em" text-anchor="middle" font-family="sans-serif" font-size="88.70967741935483" opacity="1" fill="#666666">

</text>
<polyline fill="none" opacity="1" stroke="#666666" stroke-width="10" points="940,900 940,940 "/>
<text x="1005" y="980" dy="0.76em" text-anchor="middle" font-family="sans-serif" font-size="88.70967741935483" opacity="1" fill="#666666">

</text>
<polyline fill="none" opacity="1" stroke="#666666" stroke-width="10" points="1005,900 1005,940 "/>
<text x="1069" y="980" dy="0.76em" text-anchor="middle" font-family="sans-serif" font-size="88.70967741935483" opacity="1" fill="#666666">

</text>
<polyline fill="none" opacity="1" stroke="#666666" stroke-width="10" points="1069,900 1069,940 "/>
<text x="1134" y="980" dy="0.76em" text-anchor="middle" font-family="sans-serif" font-size="88.70967741935483" opacity="1" fill="#666666">

</text>
<polyline fill="none" opacity="1" stroke="#666666" stroke-width="10" points="1134,900 1134,940 "/>
<text x="1199" y="980" dy="0.76em" text-anchor="middle" font-family="sans-serif" font-size="88.70967741935483" opacity="1" fill="#666666">
2
</text>
<polyline fill="none" opacity="1" stroke="#666666" stroke-width="10" points="1199,900 1199,940 "/>
<text x="1264" y="980" dy="0.76em" text-anchor="middle" font-family="sans-serif" font-size="88.70967741935483" opacity="1" fill="#666666">

</text>
<polyline fill="none" opacity="1" stroke="#666666" stroke-width="10" points="1264,900 1264,940 "/>
<text x="1329" y="980" dy="0.76em" text-anchor="middle" font-family="sans-serif" font-size="88.70967741935483" opacity="1" fill="#666666">

</text>
<polyline fill="none" opacity="1" stroke="#666666" stroke-width="10" points="1329,900 1329,940 "/>
<text x="1393" y="980" dy="0.76em" text-anchor="middle" font-family="sans-serif" font-size="88.70967741935483" opacity="1" fill="#666666">

</text>
<polyline fill="none" opacity="1" stroke="#666666" stroke-width="10" points="1393,900 1393,940 "/>
<text x="1458" y="980" dy="0.76em" text-anchor="middle" font-family="sans-serif" font-size="88.70967741935483" opacity="1" fill="#666666">

</text>
<polyline fill="none" opacity="1" stroke="#666666" stroke-width="10" points="1458,900 1458,940 "/>
<text x="1523" y="980" dy="0.76em" text-anchor="middle" font-family="sans-serif" font-size="88.70967741935483" opacity="1" fill="#666666">
2.5
</text>
<polyline fill="none" opacity="1" stroke="#666666" stroke-width="10" points="1523,900 1523,940 "/>
<text x="1588" y="980" dy="0.76em" text-anchor="middle" font-family="sans-serif" font-size="88.70967741935483" opacity="1" fill="#666666">

</text>
<polyline fill="none" opacity="1" stroke="#666666" stroke-width="10" points="1588,900 1588,940 "/>
<text x="1652" y="980" dy="0.76em" text-anchor="middle" font-family="sans-serif" font-size="88.70967741935483" opacity="1" fill="#666666">

</text>
<polyline fill="none" opacity="1" stroke="#666666" stroke-width="10" points="1652,900 1652,940 "/>
<text x="1717" y="980" dy="0.76em" text-anchor="middle" font-family="sans-serif" font-size="88.70967741935483" opacity="1" fill="#666666">

</text>
<polyline fill="none" opacity="1" stroke="#666666" stroke-width="10" points="1717,900 1717,940 "/>
<text x="1782" y="980" dy="0.76em" text-anchor="middle" font-family="sans-serif" font-size="88.70967741935483" opacity="1" fill="#666666">

</text>
<polyline fill="none" opacity="1" stroke="#666666" stroke-width="10" points="1782,900 1782,940 "/>
<circle cx="551" cy="870" r="30" opacity="1" fill="#5E81B5" stroke="none" stroke-width="1"/>
<circle cx="1199" cy="500" r="30" opacity="1" fill="#5E81B5" stroke="none" stroke-width="1"/>
<circle cx="1847" cy="130" r="30" opacity="1" fill="#5E81B5" stroke="none" stroke-width="1"/>
</svg>
