---
source: tests/interpreter_tests/graphics.rs
expression: "export_svg(\"ListPlot[{1, 4, 9, 16}, Filling -> 5]\")"
---
<svg width="360" height="225" viewBox="0 0 3600 2250" preserveAspectRatio="xMidYMid meet" xmlns="http://www.w3.org/2000/svg">
<rect x="0" y="0" width="3600" height="2250" opacity="1" fill="#FFFFFF" stroke="none"/>
<polyline fill="none" opacity="1" stroke="#666666" stroke-width="10" points="749,100 749,1749 "/>
<text x="670" y="1688" dy="0.5ex" text-anchor="end" font-family="sans-serif" font-size="145.16129032258064" opacity="1" fill="#666666">

</text>
<polyline fill="none" opacity="1" stroke="#666666" stroke-width="10" points="709,1688 749,1688 "/>
<text x="670" y="1587" dy="0.5ex" text-anchor="end" font-family="sans-serif" font-size="145.16129032258064" opacity="1" fill="#666666">

</text>
<polyline fill="none" opacity="1" stroke="#666666" stroke-width="10" points="709,1587 749,1587 "/>
<text x="670" y="1485" dy="0.5ex" text-anchor="end" font-family="sans-serif" font-size="145.16129032258064" opacity="1" fill="#666666">

</text>
<polyline fill="none" opacity="1" stroke="#666666" stroke-width="10" points="709,1485 749,1485 "/>
<text x="670" y="1383" dy="0.5ex" text-anchor="end" font-family="sans-serif" font-size="145.16129032258064" opacity="1" fill="#666666">

</text>
<polyline fill="none" opacity="1" stroke="#666666" stroke-width="10" points="709,1383 749,1383 "/>
<text x="670" y="1281" dy="0.5ex" text-anchor="end" font-family="sans-serif" font-size="145.16129032258064" opacity="1" fill="#666666">
5
</text>
<polyline fill="none" opacity="1" stroke="#666666" stroke-width="10" points="709,1281 749,1281 "/>
<text x="670" y="1179" dy="0.5ex" text-anchor="end" font-family="sans-serif" font-size="145.16129032258064" opacity="1" fill="#666666">

</text>
<polyline fill="none" opacity="1" stroke="#666666" stroke-width="10" points="709,1179 749,1179 "/>
<text x="670" y="1078" dy="0.5ex" text-anchor="end" font-family="sans-serif" font-size="145.16129032258064" opacity="1" fill="#666666">

</text>
<polyline fill="none" opacity="1" stroke="#666666" stroke-width="10" points="709,1078 749,1078 "/>
<text x="670" y="976" dy="0.5ex" text-anchor="end" font-family="sans-serif" font-size="145.16129032258064" opacity="1" fill="#666666">

</text>
<polyline fill="none" opacity="1" stroke="#666666" stroke-width="10" points="709,976 749,976 "/>
<text x="670" y="874" dy="0.5ex" text-anchor="end" font-family="sans-serif" font-size="145.16129032258064" opacity="1" fill="#666666">

</text>
<polyline fill="none" opacity="1" stroke="#666666" stroke-width="10" points="709,874 749,874 "/>
<text x="670" y="772" dy="0.5ex" text-anchor="end" font-family="sans-serif" font-size="145.16129032258064" opacity="1" fill="#666666">
10
</text>
<polyline fill="none" opacity="1" stroke="#666666" stroke-width="10" points="709,772 749,772 "/>
<text x="670" y="671" dy="0.5ex" text-anchor="end" font-family="sans-serif" font-size="145.16129032258064" opacity="1" fill="#666666">

</text>
<polyline fill="none" opacity="1" stroke="#666666" stroke-width="10" points="709,671 749,671 "/>
<text x="670" y="569" dy="0.5ex" text-anchor="end" font-family="sans-serif" font-size="145.16129032258064" opacity="1" fill="#666666">

</text>
<polyline fill="none" opacity="1" stroke="#666666" stroke-width="10" points="709,569 749,569 "/>
<text x="670" y="467" dy="0.5ex" text-anchor="end" font-family="sans-serif" font-size="145.16129032258064" opacity="1" fill="#666666">

</text>
<polyline fill="none" opacity="1" stroke="#666666" stroke-width="10" points="709,467 749,467 "/>
<text x="670" y="365" dy="0.5ex" text-anchor="end" font-family="sans-serif" font-size="145.16129032258064" opacity="1" fill="#666666">

</text>
<polyline fill="none" opacity="1" stroke="#666666" stroke-width="10" points="709,365 749,365 "/>
<text x="670" y="263" dy="0.5ex" text-anchor="end" font-family="sans-serif" font-size="145.16129032258064" opacity="1" fill="#666666">
15
</text>
<polyline fill="none" opacity="1" stroke="#666666" stroke-width="10" points="709,263 749,263 "/>
<text x="670" y="162" dy="0.5ex" text-anchor="end" font-family="sans-serif" font-size="145.16129032258064" opacity="1" fill="#666666">

</text>
<polyline fill="none" opacity="1" stroke="#666666" stroke-width="10" points="709,162 749,162 "/>
<polyline fill="none" opacity="1" stroke="#666666" stroke-width="10" points="750,1750 3499,1750 "/>
<text x="851" y="1830" dy="0.76em" text-anchor="middle" font-family="sans-serif" font-size="145.16129032258064" opacity="1" fill="#666666">
1
</text>
<polyline fill="none" opacity="1" stroke="#666666" stroke-width="10" points="851,1750 851,1790 "/>
<text x="1021" y="1830" dy="0.76em" text-anchor="middle" font-family="sans-serif" font-size="145.16129032258064" opacity="1" fill="#666666">

</text>
<polyline fill="none" opacity="1" stroke="#666666" stroke-width="10" points="1021,1750 1021,1790 "/>
<text x="1191" y="1830" dy="0.76em" text-anchor="middle" font-family="sans-serif" font-size="145.16129032258064" opacity="1" fill="#666666">

</text>
<polyline fill="none" opacity="1" stroke="#666666" stroke-width="10" points="1191,1750 1191,1790 "/>
<text x="1360" y="1830" dy="0.76em" text-anchor="middle" font-family="sans-serif" font-size="145.16129032258064" opacity="1" fill="#666666">

</text>
<polyline fill="none" opacity="1" stroke="#666666" stroke-width="10" points="1360,1750 1360,1790 "/>
<text x="1530" y="1830" dy="0.76em" text-anchor="middle" font-family="sans-serif" font-size="145.16129032258064" opacity="1" fill="#666666">

</text>
<polyline fill="none" opacity="1" stroke="#666666" stroke-width="10" points="1530,1750 1530,1790 "/>
<text x="1700" y="1830" dy="0.76em" text-anchor="middle" font-family="sans-serif" font-size="145.16129032258064" opacity="1" fill="#666666">
2
</text>
<polyline fill="none" opacity="1" stroke="#666666" stroke-width="10" points="1700,1750 1700,1790 "/>
<text x="1869" y="1830" dy="0.76em" text-anchor="middle" font-family="sans-serif" font-size="145.16129032258064" opacity="1" fill="#666666">

</text>
<polyline fill="none" opacity="1" stroke="#666666" stroke-width="10" points="1869,1750 1869,1790 "/>
<text x="2039" y="1830" dy="0.76em" text-anchor="middle" font-family="sans-serif" font-size="145.16129032258064" opacity="1" fill="#666666">

</text>
<polyline fill="none" opacity="1" stroke="#666666" stroke-width="10" points="2039,1750 2039,1790 "/>
<text x="2209" y="1830" dy="0.76em" text-anchor="middle" font-family="sans-serif" font-size="145.16129032258064" opacity="1" fill="#666666">

</text>
<polyline fill="none" opacity="1" stroke="#666666" stroke-width="10" points="2209,1750 2209,1790 "/>
<text x="2379" y="1830" dy="0.76em" text-anchor="middle" font-family="sans-serif" font-size="145.16129032258064" opacity="1" fill="#666666">

</text>
<polyline fill="none" opacity="1" stroke="#666666" stroke-width="10" points="2379,1750 2379,1790 "/>
<text x="2548" y="1830" dy="0.76em" text-anchor="middle" font-family="sans-serif" font-size="145.16129032258064" opacity="1" fill="#666666">
3
</text>
<polyline fill="none" opacity="1" stroke="#666666" stroke-width="10" points="2548,1750 2548,1790 "/>
<text x="2718" y="1830" dy="0.76em" text-anchor="middle" font-family="sans-serif" font-size="145.16129032258064" opacity="1" fill="#666666">

</text>
<polyline fill="none" opacity="1" stroke="#666666" stroke-width="10" points="2718,1750 2718,1790 "/>
<text x="2888" y="1830" dy="0.76em" text-anchor="middle" font-family="sans-serif" font-size="145.16129032258064" opacity="1" fill="#666666">

</text>
<polyline fill="none" opacity="1" stroke="#666666" stroke-width="10" points="2888,1750 2888,1790 "/>
<text x="3057" y="1830" dy="0.76em" text-anchor="middle" font-family="sans-serif" font-size="145.16129032258064" opacity="1" fill="#666666">

</text>
<polyline fill="none" opacity="1" stroke="#666666" stroke-width="10" points="3057,1750 3057,1790 "/>
<text x="3227" y="1830" dy="0.76em" text-anchor="middle" font-family="sans-serif" font-size="145.16129032258064" opacity="1" fill="#666666">

</text>
<polyline fill="none" opacity="1" stroke="#666666" stroke-width="10" points="3227,1750 3227,1790 "/>
<polyline fill="none" opacity="0.2" stroke="#5E81B5" stroke-width="10" points="851,1688 851,1281 "/>
<polyline fill="none" opacity="0.2" stroke="#5E81B5" stroke-width="10" points="1700,1383 1700,1281 "/>
<polyline fill="none" opacity="0.2" stroke="#5E81B5" stroke-width="10" points="2548,874 2548,1281 "/>
<polyline fill="none" opacity="0.2" stroke="#5E81B5" stroke-width="10" points="3397,162 3397,1281 "/>
<circle cx="851" cy="1688" r="30" opacity="1" fill="#5E81B5" stroke="none" stroke-width="1"/>
<circle cx="1700" cy="1383" r="30" opacity="1" fill="#5E81B5" stroke="none" stroke-width="1"/>
<circle cx="2548" cy="874" r="30" opacity="1" fill="#5E81B5" stroke="none" stroke-width="1"/>
<circle cx="3397" cy="162" r="30" opacity="1" fill="#5E81B5" stroke="none" stroke-width="1"/>
<line x1="851.9" y1="1790.0" x2="851.9" y2="1820.0" stroke="#666" stroke-width="10"/>
<line x1="1700.6" y1="1790.0" x2="1700.6" y2="1820.0" stroke="#666" stroke-width="10"/>
<line x1="2549.4" y1="1790.0" x2="2549.4" y2="1820.0" stroke="#666" stroke-width="10"/>
<line x1="3398.1" y1="1790.0" x2="3398.1" y2="1820.0" stroke="#666" stroke-width="10"/>
<line x1="710.0" y1="1281.5" x2="680.0" y2="1281.5" stroke="#666" stroke-width="10"/>
<line x1="710.0" y1="772.2" x2="680.0" y2="772.2" stroke="#666" stroke-width="10"/>
<line x1="710.0" y1="263.0" x2="680.0" y2="263.0" stroke="#666" stroke-width="10"/>
</svg>
