---
source: tests/interpreter_tests/graphics.rs
expression: "export_svg(\"NumberLinePlot[Sin[x] < Cos[x], {x, 0, 2*Pi}]\")"
---
<svg width="360" height="60" viewBox="0 0 3600 600" xmlns="http://www.w3.org/2000/svg">
<rect width="3600" height="600" fill="#ffffff"/>
<line x1="600.0" y1="225.0" x2="3400.0" y2="225.0" stroke="#666666" stroke-width="10"/>
<rect x="793.1" y="85.0" width="299.3" height="80.0" fill="rgb(94,129,181)" opacity="0.6" rx="10"/>
<rect x="2304.1" y="85.0" width="902.8" height="80.0" fill="rgb(94,129,181)" opacity="0.6" rx="10"/>
<line x1="793.1" y1="225.0" x2="793.1" y2="275.0" stroke="#666666" stroke-width="10"/>
<text x="793.1" y="429.0" text-anchor="middle" font-family="sans-serif" font-size="140" fill="#666">0</text>
<line x1="1561.4" y1="225.0" x2="1561.4" y2="275.0" stroke="#666666" stroke-width="10"/>
<text x="1561.4" y="429.0" text-anchor="middle" font-family="sans-serif" font-size="140" fill="#666">2</text>
<line x1="2329.8" y1="225.0" x2="2329.8" y2="275.0" stroke="#666666" stroke-width="10"/>
<text x="2329.8" y="429.0" text-anchor="middle" font-family="sans-serif" font-size="140" fill="#666">4</text>
<line x1="3098.1" y1="225.0" x2="3098.1" y2="275.0" stroke="#666666" stroke-width="10"/>
<text x="3098.1" y="429.0" text-anchor="middle" font-family="sans-serif" font-size="140" fill="#666">6</text>
</svg>
